###############################################################################
#
# IAR ELF Linker V8.32.3.193/W32 for ARM                  04/May/2019  04:43:45
# Copyright 2007-2019 IAR Systems AB.
#
#    Output file  =  
#        C:\Users\mallo\Desktop\git\CS5205\iar_ewarm_toolchain\STM32CubeExpansion_GNSS1_V2.1.0\Projects\Multi\Applications\GetPos\EWARM\STM32F401RE-Nucleo\Project-STM32F4xx-Nucleo\Exe\Project-STM32F4xx-Nucleo.out
#    Map file     =  
#        C:\Users\mallo\Desktop\git\CS5205\iar_ewarm_toolchain\STM32CubeExpansion_GNSS1_V2.1.0\Projects\Multi\Applications\GetPos\EWARM\STM32F401RE-Nucleo\Project-STM32F4xx-Nucleo\List\Project-STM32F4xx-Nucleo.map
#    Command line =  
#        -f C:\Users\mallo\AppData\Local\Temp\EW1B97.tmp
#        (C:\Users\mallo\Desktop\git\CS5205\iar_ewarm_toolchain\STM32CubeExpansion_GNSS1_V2.1.0\Projects\Multi\Applications\GetPos\EWARM\STM32F401RE-Nucleo\Project-STM32F4xx-Nucleo\Obj\cmsis_os.o
#        C:\Users\mallo\Desktop\git\CS5205\iar_ewarm_toolchain\STM32CubeExpansion_GNSS1_V2.1.0\Projects\Multi\Applications\GetPos\EWARM\STM32F401RE-Nucleo\Project-STM32F4xx-Nucleo\Obj\config_bus.o
#        C:\Users\mallo\Desktop\git\CS5205\iar_ewarm_toolchain\STM32CubeExpansion_GNSS1_V2.1.0\Projects\Multi\Applications\GetPos\EWARM\STM32F401RE-Nucleo\Project-STM32F4xx-Nucleo\Obj\croutine.o
#        C:\Users\mallo\Desktop\git\CS5205\iar_ewarm_toolchain\STM32CubeExpansion_GNSS1_V2.1.0\Projects\Multi\Applications\GetPos\EWARM\STM32F401RE-Nucleo\Project-STM32F4xx-Nucleo\Obj\event_groups.o
#        C:\Users\mallo\Desktop\git\CS5205\iar_ewarm_toolchain\STM32CubeExpansion_GNSS1_V2.1.0\Projects\Multi\Applications\GetPos\EWARM\STM32F401RE-Nucleo\Project-STM32F4xx-Nucleo\Obj\gnss_data.o
#        C:\Users\mallo\Desktop\git\CS5205\iar_ewarm_toolchain\STM32CubeExpansion_GNSS1_V2.1.0\Projects\Multi\Applications\GetPos\EWARM\STM32F401RE-Nucleo\Project-STM32F4xx-Nucleo\Obj\gnss_fw_upgrade.o
#        C:\Users\mallo\Desktop\git\CS5205\iar_ewarm_toolchain\STM32CubeExpansion_GNSS1_V2.1.0\Projects\Multi\Applications\GetPos\EWARM\STM32F401RE-Nucleo\Project-STM32F4xx-Nucleo\Obj\gnss_if.o
#        C:\Users\mallo\Desktop\git\CS5205\iar_ewarm_toolchain\STM32CubeExpansion_GNSS1_V2.1.0\Projects\Multi\Applications\GetPos\EWARM\STM32F401RE-Nucleo\Project-STM32F4xx-Nucleo\Obj\gnss_parser.o
#        C:\Users\mallo\Desktop\git\CS5205\iar_ewarm_toolchain\STM32CubeExpansion_GNSS1_V2.1.0\Projects\Multi\Applications\GetPos\EWARM\STM32F401RE-Nucleo\Project-STM32F4xx-Nucleo\Obj\gnss_utils.o
#        C:\Users\mallo\Desktop\git\CS5205\iar_ewarm_toolchain\STM32CubeExpansion_GNSS1_V2.1.0\Projects\Multi\Applications\GetPos\EWARM\STM32F401RE-Nucleo\Project-STM32F4xx-Nucleo\Obj\heap_4.o
#        C:\Users\mallo\Desktop\git\CS5205\iar_ewarm_toolchain\STM32CubeExpansion_GNSS1_V2.1.0\Projects\Multi\Applications\GetPos\EWARM\STM32F401RE-Nucleo\Project-STM32F4xx-Nucleo\Obj\list.o
#        C:\Users\mallo\Desktop\git\CS5205\iar_ewarm_toolchain\STM32CubeExpansion_GNSS1_V2.1.0\Projects\Multi\Applications\GetPos\EWARM\STM32F401RE-Nucleo\Project-STM32F4xx-Nucleo\Obj\main.o
#        C:\Users\mallo\Desktop\git\CS5205\iar_ewarm_toolchain\STM32CubeExpansion_GNSS1_V2.1.0\Projects\Multi\Applications\GetPos\EWARM\STM32F401RE-Nucleo\Project-STM32F4xx-Nucleo\Obj\NMEA_parser.o
#        C:\Users\mallo\Desktop\git\CS5205\iar_ewarm_toolchain\STM32CubeExpansion_GNSS1_V2.1.0\Projects\Multi\Applications\GetPos\EWARM\STM32F401RE-Nucleo\Project-STM32F4xx-Nucleo\Obj\port.o
#        C:\Users\mallo\Desktop\git\CS5205\iar_ewarm_toolchain\STM32CubeExpansion_GNSS1_V2.1.0\Projects\Multi\Applications\GetPos\EWARM\STM32F401RE-Nucleo\Project-STM32F4xx-Nucleo\Obj\portasm.o
#        C:\Users\mallo\Desktop\git\CS5205\iar_ewarm_toolchain\STM32CubeExpansion_GNSS1_V2.1.0\Projects\Multi\Applications\GetPos\EWARM\STM32F401RE-Nucleo\Project-STM32F4xx-Nucleo\Obj\queue.o
#        C:\Users\mallo\Desktop\git\CS5205\iar_ewarm_toolchain\STM32CubeExpansion_GNSS1_V2.1.0\Projects\Multi\Applications\GetPos\EWARM\STM32F401RE-Nucleo\Project-STM32F4xx-Nucleo\Obj\startup_stm32f401xe.o
#        C:\Users\mallo\Desktop\git\CS5205\iar_ewarm_toolchain\STM32CubeExpansion_GNSS1_V2.1.0\Projects\Multi\Applications\GetPos\EWARM\STM32F401RE-Nucleo\Project-STM32F4xx-Nucleo\Obj\stm32f4xx_hal.o
#        C:\Users\mallo\Desktop\git\CS5205\iar_ewarm_toolchain\STM32CubeExpansion_GNSS1_V2.1.0\Projects\Multi\Applications\GetPos\EWARM\STM32F401RE-Nucleo\Project-STM32F4xx-Nucleo\Obj\stm32f4xx_hal_cortex.o
#        C:\Users\mallo\Desktop\git\CS5205\iar_ewarm_toolchain\STM32CubeExpansion_GNSS1_V2.1.0\Projects\Multi\Applications\GetPos\EWARM\STM32F401RE-Nucleo\Project-STM32F4xx-Nucleo\Obj\stm32f4xx_hal_dma.o
#        C:\Users\mallo\Desktop\git\CS5205\iar_ewarm_toolchain\STM32CubeExpansion_GNSS1_V2.1.0\Projects\Multi\Applications\GetPos\EWARM\STM32F401RE-Nucleo\Project-STM32F4xx-Nucleo\Obj\stm32f4xx_hal_flash.o
#        C:\Users\mallo\Desktop\git\CS5205\iar_ewarm_toolchain\STM32CubeExpansion_GNSS1_V2.1.0\Projects\Multi\Applications\GetPos\EWARM\STM32F401RE-Nucleo\Project-STM32F4xx-Nucleo\Obj\stm32f4xx_hal_flash_ex.o
#        C:\Users\mallo\Desktop\git\CS5205\iar_ewarm_toolchain\STM32CubeExpansion_GNSS1_V2.1.0\Projects\Multi\Applications\GetPos\EWARM\STM32F401RE-Nucleo\Project-STM32F4xx-Nucleo\Obj\stm32f4xx_hal_flash_ramfunc.o
#        C:\Users\mallo\Desktop\git\CS5205\iar_ewarm_toolchain\STM32CubeExpansion_GNSS1_V2.1.0\Projects\Multi\Applications\GetPos\EWARM\STM32F401RE-Nucleo\Project-STM32F4xx-Nucleo\Obj\stm32f4xx_hal_gpio.o
#        C:\Users\mallo\Desktop\git\CS5205\iar_ewarm_toolchain\STM32CubeExpansion_GNSS1_V2.1.0\Projects\Multi\Applications\GetPos\EWARM\STM32F401RE-Nucleo\Project-STM32F4xx-Nucleo\Obj\stm32f4xx_hal_i2c.o
#        C:\Users\mallo\Desktop\git\CS5205\iar_ewarm_toolchain\STM32CubeExpansion_GNSS1_V2.1.0\Projects\Multi\Applications\GetPos\EWARM\STM32F401RE-Nucleo\Project-STM32F4xx-Nucleo\Obj\stm32f4xx_hal_msp.o
#        C:\Users\mallo\Desktop\git\CS5205\iar_ewarm_toolchain\STM32CubeExpansion_GNSS1_V2.1.0\Projects\Multi\Applications\GetPos\EWARM\STM32F401RE-Nucleo\Project-STM32F4xx-Nucleo\Obj\stm32f4xx_hal_pwr.o
#        C:\Users\mallo\Desktop\git\CS5205\iar_ewarm_toolchain\STM32CubeExpansion_GNSS1_V2.1.0\Projects\Multi\Applications\GetPos\EWARM\STM32F401RE-Nucleo\Project-STM32F4xx-Nucleo\Obj\stm32f4xx_hal_pwr_ex.o
#        C:\Users\mallo\Desktop\git\CS5205\iar_ewarm_toolchain\STM32CubeExpansion_GNSS1_V2.1.0\Projects\Multi\Applications\GetPos\EWARM\STM32F401RE-Nucleo\Project-STM32F4xx-Nucleo\Obj\stm32f4xx_hal_rcc.o
#        C:\Users\mallo\Desktop\git\CS5205\iar_ewarm_toolchain\STM32CubeExpansion_GNSS1_V2.1.0\Projects\Multi\Applications\GetPos\EWARM\STM32F401RE-Nucleo\Project-STM32F4xx-Nucleo\Obj\stm32f4xx_hal_rcc_ex.o
#        C:\Users\mallo\Desktop\git\CS5205\iar_ewarm_toolchain\STM32CubeExpansion_GNSS1_V2.1.0\Projects\Multi\Applications\GetPos\EWARM\STM32F401RE-Nucleo\Project-STM32F4xx-Nucleo\Obj\stm32f4xx_hal_tim.o
#        C:\Users\mallo\Desktop\git\CS5205\iar_ewarm_toolchain\STM32CubeExpansion_GNSS1_V2.1.0\Projects\Multi\Applications\GetPos\EWARM\STM32F401RE-Nucleo\Project-STM32F4xx-Nucleo\Obj\stm32f4xx_hal_tim_ex.o
#        C:\Users\mallo\Desktop\git\CS5205\iar_ewarm_toolchain\STM32CubeExpansion_GNSS1_V2.1.0\Projects\Multi\Applications\GetPos\EWARM\STM32F401RE-Nucleo\Project-STM32F4xx-Nucleo\Obj\stm32f4xx_hal_uart.o
#        C:\Users\mallo\Desktop\git\CS5205\iar_ewarm_toolchain\STM32CubeExpansion_GNSS1_V2.1.0\Projects\Multi\Applications\GetPos\EWARM\STM32F401RE-Nucleo\Project-STM32F4xx-Nucleo\Obj\stm32f4xx_it.o
#        C:\Users\mallo\Desktop\git\CS5205\iar_ewarm_toolchain\STM32CubeExpansion_GNSS1_V2.1.0\Projects\Multi\Applications\GetPos\EWARM\STM32F401RE-Nucleo\Project-STM32F4xx-Nucleo\Obj\stm32f4xx_nucleo.o
#        C:\Users\mallo\Desktop\git\CS5205\iar_ewarm_toolchain\STM32CubeExpansion_GNSS1_V2.1.0\Projects\Multi\Applications\GetPos\EWARM\STM32F401RE-Nucleo\Project-STM32F4xx-Nucleo\Obj\system_stm32f4xx.o
#        C:\Users\mallo\Desktop\git\CS5205\iar_ewarm_toolchain\STM32CubeExpansion_GNSS1_V2.1.0\Projects\Multi\Applications\GetPos\EWARM\STM32F401RE-Nucleo\Project-STM32F4xx-Nucleo\Obj\tasks.o
#        C:\Users\mallo\Desktop\git\CS5205\iar_ewarm_toolchain\STM32CubeExpansion_GNSS1_V2.1.0\Projects\Multi\Applications\GetPos\EWARM\STM32F401RE-Nucleo\Project-STM32F4xx-Nucleo\Obj\teseo_i2c.o
#        C:\Users\mallo\Desktop\git\CS5205\iar_ewarm_toolchain\STM32CubeExpansion_GNSS1_V2.1.0\Projects\Multi\Applications\GetPos\EWARM\STM32F401RE-Nucleo\Project-STM32F4xx-Nucleo\Obj\teseo_io.o
#        C:\Users\mallo\Desktop\git\CS5205\iar_ewarm_toolchain\STM32CubeExpansion_GNSS1_V2.1.0\Projects\Multi\Applications\GetPos\EWARM\STM32F401RE-Nucleo\Project-STM32F4xx-Nucleo\Obj\teseo_queue.o
#        C:\Users\mallo\Desktop\git\CS5205\iar_ewarm_toolchain\STM32CubeExpansion_GNSS1_V2.1.0\Projects\Multi\Applications\GetPos\EWARM\STM32F401RE-Nucleo\Project-STM32F4xx-Nucleo\Obj\teseo_uart.o
#        C:\Users\mallo\Desktop\git\CS5205\iar_ewarm_toolchain\STM32CubeExpansion_GNSS1_V2.1.0\Projects\Multi\Applications\GetPos\EWARM\STM32F401RE-Nucleo\Project-STM32F4xx-Nucleo\Obj\timers.o
#        C:\Users\mallo\Desktop\git\CS5205\iar_ewarm_toolchain\STM32CubeExpansion_GNSS1_V2.1.0\Projects\Multi\Applications\GetPos\EWARM\STM32F401RE-Nucleo\Project-STM32F4xx-Nucleo\Obj\x_nucleo_gnss1a1.o
#        --redirect _Printf=_PrintfFull --redirect _Scanf=_ScanfFull
#        --no_out_extension -o
#        C:\Users\mallo\Desktop\git\CS5205\iar_ewarm_toolchain\STM32CubeExpansion_GNSS1_V2.1.0\Projects\Multi\Applications\GetPos\EWARM\STM32F401RE-Nucleo\Project-STM32F4xx-Nucleo\Exe\Project-STM32F4xx-Nucleo.out
#        --map
#        C:\Users\mallo\Desktop\git\CS5205\iar_ewarm_toolchain\STM32CubeExpansion_GNSS1_V2.1.0\Projects\Multi\Applications\GetPos\EWARM\STM32F401RE-Nucleo\Project-STM32F4xx-Nucleo\List\Project-STM32F4xx-Nucleo.map
#        --config
#        C:\Users\mallo\Desktop\git\CS5205\iar_ewarm_toolchain\STM32CubeExpansion_GNSS1_V2.1.0\Projects\Multi\Applications\GetPos\EWARM\STM32F401RE-Nucleo\stm32f401xe_flash.icf
#        --semihosting --entry __iar_program_start --vfe --text_out locale)
#
###############################################################################

*******************************************************************************
*** RUNTIME MODEL ATTRIBUTES
***

CppFlavor       = *
__SystemLibrary = DLib
__dlib_version  = 6


*******************************************************************************
*** HEAP SELECTION
***

The basic heap was selected because no calls to memory allocation
functions were found in the application outside of system library
functions, and there are calls to deallocation functions in the
application.


*******************************************************************************
*** PLACEMENT SUMMARY
***

"A0":  place at 0x800'0000 { ro section .intvec };
"P1":  place in [from 0x800'0000 to 0x807'ffff] { ro };
define block CSTACK with size = 1K, alignment = 8 { };
define block HEAP with size = 512, alignment = 8 { };
"P2":  place in [from 0x2000'0000 to 0x2001'7fff] {
          rw, block CSTACK, block HEAP };
initialize by copy { rw };

  Section            Kind         Address    Size  Object
  -------            ----         -------    ----  ------
"A0":                                       0x194
  .intvec            ro code   0x800'0000   0x194  startup_stm32f401xe.o [1]
                             - 0x800'0194   0x194

"P1":                                      0xb78e
  .text              ro code   0x800'0194  0x1574  gnss_data.o [1]
  .text              ro code   0x800'1708    0x2e  DblCmpGe.o [3]
  .text              ro code   0x800'1736    0x7a  lz77_init_single.o [4]
  .text              ro code   0x800'17b0    0x2e  DblCmpLe.o [3]
  .text              ro code   0x800'17de    0x3a  zero_init3.o [4]
  .text              ro code   0x800'1818    0xa0  gnss_if.o [1]
  .text              ro code   0x800'18b8    0x44  snprintf.o [2]
  .text              ro code   0x800'18fc    0x14  strlen_small.o [4]
  .text              ro code   0x800'1910    0x48  FltToDbl.o [3]
  .text              ro code   0x800'1958    0x18  ABImemcpy_small.o [4]
  .text              ro code   0x800'1970  0x155c  NMEA_parser.o [1]
  .text              ro code   0x800'2ecc    0xe2  DblSub.o [3]
  .text              ro code   0x800'2fae    0x1e  xencoding_8859_1.o [2]
  .text              ro code   0x800'2fcc    0x3a  DblToS32.o [3]
  .text              ro code   0x800'3006    0x1a  xsnprout.o [2]
  .text              ro code   0x800'3020   0x1bc  fmod.o [3]
  .text              ro code   0x800'31dc   0x246  DblDiv.o [3]
  .text              ro code   0x800'3422     0xa  xsprout.o [2]
  .text              ro code   0x800'342c    0x12  strcmp.o [4]
  .text              ro code   0x800'3440    0x28  stm32f4xx_hal.o [1]
  .text              ro code   0x800'3468   0x1c0  x_nucleo_gnss1a1.o [1]
  .text              ro code   0x800'3628   0x120  cmsis_os.o [1]
  .text              ro code   0x800'3748   0xf46  xprintffull.o [2]
  .text              ro code   0x800'4690     0x6  ABImemclr4.o [4]
  .text              ro code   0x800'4698     0x6  ABImemclr.o [4]
  .text              ro code   0x800'469e    0x86  iar_Stolx.o [2]
  .text              ro code   0x800'4724     0xe  math_wrappers64.o [3]
  .text              ro code   0x800'4734   0x380  strto32.o [3]
  .text              ro code   0x800'4ab4    0x1e  strncpy_small.o [4]
  .text              ro code   0x800'4ad4   0x17a  DblAdd.o [3]
  .text              ro code   0x800'4c50     0xc  stm32f4xx_hal.o [1]
  .text              ro code   0x800'4c5c   0x684  stm32f4xx_hal_uart.o [1]
  .text              ro code   0x800'52e0   0x294  stm32f4xx_hal_gpio.o [1]
  .text              ro code   0x800'5574    0xc8  config_bus.o [1]
  .text              ro code   0x800'563c   0x8a0  tasks.o [1]
  .text              ro code   0x800'5edc   0x5ac  queue.o [1]
  .text              ro code   0x800'6488   0x1d8  port.o [1]
  .text              ro code   0x800'6660    0xb4  xlocale_c.o [2]
  .text              ro code   0x800'6714    0x16  strchr.o [4]
  .text              ro code   0x800'672c    0x40  xfail_s.o [2]
  .text              ro code   0x800'676c    0x58  memchr.o [4]
  .text              ro code   0x800'67c4     0xa  xmbcurmax.o [2]
  .text              ro code   0x800'67d0   0x106  I64DivMod_small.o [4]
  .text              ro code   0x800'68d8   0x1a2  DblMul.o [3]
  .text              ro code   0x800'6a7c    0x70  frexp.o [3]
  .text              ro code   0x800'6aec   0x13a  ldexp.o [3]
  .text              ro code   0x800'6c28    0x22  S32ToDbl.o [3]
  .text              ro code   0x800'6c4c    0x28  DblToU32.o [3]
  .text              ro code   0x800'6c74    0x1a  U32ToDbl.o [3]
  .text              ro code   0x800'6c90    0x32  ABImemset48.o [4]
  .text              ro code   0x800'6cc4    0x12  ABImemset_small.o [4]
  .text              ro code   0x800'6cd6    0x14  isspace.o [2]
  .text              ro code   0x800'6cec   0x152  iar_Stoulx.o [2]
  .text              ro code   0x800'6e40   0x51a  strto64.o [3]
  .text              ro code   0x800'735c    0x48  frexpf.o [3]
  .text              ro code   0x800'73a4    0xc4  ldexpf.o [3]
  .text              ro code   0x800'7468   0x122  iar_Stopfx.o [2]
  .text              ro code   0x800'758c   0x1c4  iar_Stoflt.o [2]
  .text              ro code   0x800'7750   0x21c  iar_Stoxflt.o [2]
  .text              ro code   0x800'796c   0x1dc  stm32f4xx_hal_msp.o [1]
  .text              ro code   0x800'7b48    0x24  stm32f4xx_hal_dma.o [1]
  .text              ro code   0x800'7b6c     0x2  stm32f4xx_hal_uart.o [1]
  .text              ro code   0x800'7b70   0x1ac  stm32f4xx_hal_rcc.o [1]
  .text              ro code   0x800'7d1c   0x27c  stm32f4xx_hal_i2c.o [1]
  .text              ro code   0x800'7f98   0xca8  main.o [1]
  .text              ro code   0x800'8c40   0x1b4  heap_4.o [1]
  .text              ro code   0x800'8df4    0x90  list.o [1]
  CODE               ro code   0x800'8e84    0xa8  portasm.o [1]
  .text              ro code   0x800'8f2c     0x6  abort.o [2]
  .text              ro code   0x800'8f34     0x2  I64DivZer.o [4]
  .text              ro code   0x800'8f36    0x14  tolower.o [2]
  .text              ro code   0x800'8f4a    0x14  isalpha.o [2]
  .text              ro code   0x800'8f60    0xe8  stm32f4xx_hal_cortex.o [1]
  .text              ro code   0x800'9048    0x40  stm32f4xx_hal.o [1]
  .text              ro code   0x800'9088    0x34  stm32f4xx_hal.o [1]
  .text              ro code   0x800'90bc   0x2f8  stm32f4xx_hal_rcc.o [1]
  .text              ro code   0x800'93b4   0x1c6  gnss_parser.o [1]
  .text              ro code   0x800'957c   0x2d0  gnss_utils.o [1]
  .text              ro code   0x800'984c   0x480  gnss_fw_upgrade.o [1]
  .text              ro code   0x800'9ccc    0x40  sprintf.o [2]
  .text              ro code   0x800'9d0c    0x28  strncmp.o [2]
  .text              ro code   0x800'9d34    0x14  exit.o [5]
  .rodata            const     0x800'9d48   0x804  gnss_utils.o [1]
  .rodata            const     0x800'a54c   0x37c  main.o [1]
  .rodata            const     0x800'a8c8   0x278  gnss_data.o [1]
  .text              ro code   0x800'ab40   0x210  teseo_queue.o [1]
  .text              ro code   0x800'ad50   0x1c4  teseo_i2c.o [1]
  .rodata            const     0x800'af14   0x140  gnss_data.o [1]
  .text              ro code   0x800'b054   0x134  teseo_uart.o [1]
  .text              ro code   0x800'b188    0xda  teseo_io.o [1]
  .rodata            const     0x800'b264    0xb8  gnss_data.o [1]
  .rodata            const     0x800'b31c    0x78  main.o [1]
  .rodata            const     0x800'b394    0x70  gnss_data.o [1]
  .rodata            const     0x800'b404    0x60  main.o [1]
  .text              ro code   0x800'b464    0x60  system_stm32f4xx.o [1]
  .rodata            const     0x800'b4c4    0x50  iar_Stoulx.o [2]
  .rodata            const     0x800'b518    0x48  strto64.o [3]
  .rodata            const     0x800'b560    0x38  gnss_data.o [1]
  .rodata            const     0x800'b598    0x30  gnss_data.o [1]
  .rodata            const     0x800'b5c8    0x2c  gnss_data.o [1]
  .rodata            const     0x800'b5f4    0x28  gnss_data.o [1]
  .text              ro code   0x800'b61c    0x28  data_init.o [4]
  .rodata            const     0x800'b644    0x24  gnss_data.o [1]
  .rodata            const     0x800'b668    0x24  gnss_data.o [1]
  .rodata            const     0x800'b68c    0x24  gnss_data.o [1]
  .text              ro code   0x800'b6b0    0x24  stm32f4xx_it.o [1]
  .text              ro code   0x800'b6d4    0x10  stm32f4xx_hal.o [1]
  .text              ro code   0x800'b6e4    0x22  fpinit_M.o [3]
  .iar.init_table    const     0x800'b708    0x20  - Linker created -
  .text              ro code   0x800'b728    0x1e  cmain.o [4]
  .text              ro code   0x800'b746     0x4  low_level_init.o [2]
  .text              ro code   0x800'b74a     0x4  exit.o [2]
  .text              ro code   0x800'b750     0xa  cexit.o [4]
  .text              ro code   0x800'b75c    0x10  startup_stm32f401xe.o [1]
  .text              ro code   0x800'b76c     0xc  cstartup_M.o [4]
  .rodata            const     0x800'b778     0x8  system_stm32f4xx.o [1]
  .rodata            const     0x800'b780     0x6  xlocale_c.o [2]
  .text              ro code   0x800'b786     0x4  startup_stm32f401xe.o [1]
  .text              ro code   0x800'b78a     0x4  startup_stm32f401xe.o [1]
  .text              ro code   0x800'b78e     0x4  startup_stm32f401xe.o [1]
  .text              ro code   0x800'b792     0x4  startup_stm32f401xe.o [1]
  .text              ro code   0x800'b796     0x4  startup_stm32f401xe.o [1]
  .text              ro code   0x800'b79a     0x4  startup_stm32f401xe.o [1]
  .text              ro code   0x800'b79e     0x4  startup_stm32f401xe.o [1]
  .text              ro code   0x800'b7a2     0x4  startup_stm32f401xe.o [1]
  .text              ro code   0x800'b7a6     0x4  startup_stm32f401xe.o [1]
  .text              ro code   0x800'b7aa     0x4  startup_stm32f401xe.o [1]
  .text              ro code   0x800'b7ae     0x4  startup_stm32f401xe.o [1]
  .text              ro code   0x800'b7b2     0x4  startup_stm32f401xe.o [1]
  .text              ro code   0x800'b7b6     0x4  startup_stm32f401xe.o [1]
  .text              ro code   0x800'b7ba     0x4  startup_stm32f401xe.o [1]
  .text              ro code   0x800'b7be     0x4  startup_stm32f401xe.o [1]
  .text              ro code   0x800'b7c2     0x4  startup_stm32f401xe.o [1]
  .text              ro code   0x800'b7c6     0x4  startup_stm32f401xe.o [1]
  .text              ro code   0x800'b7ca     0x4  startup_stm32f401xe.o [1]
  .text              ro code   0x800'b7ce     0x4  startup_stm32f401xe.o [1]
  .text              ro code   0x800'b7d2     0x4  startup_stm32f401xe.o [1]
  .text              ro code   0x800'b7d6     0x4  startup_stm32f401xe.o [1]
  .text              ro code   0x800'b7da     0x4  startup_stm32f401xe.o [1]
  .text              ro code   0x800'b7de     0x4  startup_stm32f401xe.o [1]
  .text              ro code   0x800'b7e2     0x4  startup_stm32f401xe.o [1]
  .text              ro code   0x800'b7e6     0x4  startup_stm32f401xe.o [1]
  .text              ro code   0x800'b7ea     0x4  startup_stm32f401xe.o [1]
  .text              ro code   0x800'b7ee     0x4  startup_stm32f401xe.o [1]
  .text              ro code   0x800'b7f2     0x4  startup_stm32f401xe.o [1]
  .text              ro code   0x800'b7f6     0x4  startup_stm32f401xe.o [1]
  .text              ro code   0x800'b7fa     0x4  startup_stm32f401xe.o [1]
  .text              ro code   0x800'b7fe     0x4  startup_stm32f401xe.o [1]
  .text              ro code   0x800'b802     0x4  startup_stm32f401xe.o [1]
  .text              ro code   0x800'b806     0x4  startup_stm32f401xe.o [1]
  .text              ro code   0x800'b80a     0x4  startup_stm32f401xe.o [1]
  .text              ro code   0x800'b80e     0x4  startup_stm32f401xe.o [1]
  .text              ro code   0x800'b812     0x4  startup_stm32f401xe.o [1]
  .text              ro code   0x800'b816     0x4  startup_stm32f401xe.o [1]
  .text              ro code   0x800'b81a     0x4  startup_stm32f401xe.o [1]
  .text              ro code   0x800'b81e     0x4  startup_stm32f401xe.o [1]
  .text              ro code   0x800'b822     0x4  startup_stm32f401xe.o [1]
  .text              ro code   0x800'b826     0x4  startup_stm32f401xe.o [1]
  .text              ro code   0x800'b82a     0x4  startup_stm32f401xe.o [1]
  .text              ro code   0x800'b82e     0x4  startup_stm32f401xe.o [1]
  .text              ro code   0x800'b832     0x4  startup_stm32f401xe.o [1]
  .text              ro code   0x800'b836     0x4  startup_stm32f401xe.o [1]
  .text              ro code   0x800'b83a     0x4  startup_stm32f401xe.o [1]
  .text              ro code   0x800'b83e     0x4  startup_stm32f401xe.o [1]
  .text              ro code   0x800'b842     0x4  startup_stm32f401xe.o [1]
  .text              ro code   0x800'b846     0x4  startup_stm32f401xe.o [1]
  .text              ro code   0x800'b84a     0x4  startup_stm32f401xe.o [1]
  .text              ro code   0x800'b84e     0x4  startup_stm32f401xe.o [1]
  .text              ro code   0x800'b852     0x4  startup_stm32f401xe.o [1]
  .text              ro code   0x800'b856     0x4  startup_stm32f401xe.o [1]
  .text              ro code   0x800'b85a     0x4  startup_stm32f401xe.o [1]
  .text              ro code   0x800'b85e     0x4  startup_stm32f401xe.o [1]
  .text              ro code   0x800'b862     0x4  startup_stm32f401xe.o [1]
  .text              ro code   0x800'b866     0x4  startup_stm32f401xe.o [1]
  .text              ro code   0x800'b86a     0x4  startup_stm32f401xe.o [1]
  .text              ro code   0x800'b86e     0x4  startup_stm32f401xe.o [1]
  .text              ro code   0x800'b872     0x4  startup_stm32f401xe.o [1]
  .rodata            const     0x800'b876     0x0  zero_init3.o [4]
  .rodata            const     0x800'b876     0x0  lz77_init_single.o [4]
  Initializer bytes  const     0x800'b876    0xac  <for P2-1>
                             - 0x800'b922  0xb78e

"P2", part 1 of 3:                          0x158
  P2-1                        0x2000'0000   0x158  <Init block>
    .data            inited   0x2000'0000    0x90  main.o [1]
    .data            inited   0x2000'0090     0xc  port.o [1]
    .data            inited   0x2000'009c     0xc  stm32f4xx_hal.o [1]
    .data            inited   0x2000'00a8     0x4  system_stm32f4xx.o [1]
    .data            inited   0x2000'00ac    0x28  teseo_io.o [1]
    .data            inited   0x2000'00d4     0x4  teseo_queue.o [1]
    .data            inited   0x2000'00d8    0x38  xlocale_c.o [2]
    .data            inited   0x2000'0110    0x48  xlocale_c.o [2]
                            - 0x2000'0158   0x158

"P2", part 2 of 3:                         0xa370
  .bss               zero     0x2000'0158  0x4000  gnss_fw_upgrade.o [1]
  .bss               zero     0x2000'4158  0x3c18  heap_4.o [1]
  .bss               zero     0x2000'7d70  0x1500  gnss_data.o [1]
  .bss               zero     0x2000'9270   0x900  NMEA_parser.o [1]
  .bss               zero     0x2000'9b70   0x3a8  main.o [1]
  .bss               zero     0x2000'9f18   0x2d0  teseo_queue.o [1]
  .bss               zero     0x2000'a1e8    0xa0  tasks.o [1]
  .bss               zero     0x2000'a288    0x8c  tasks.o [1]
  .bss               zero     0x2000'a314    0x5c  gnss_data.o [1]
  .bss               zero     0x2000'a370    0x54  config_bus.o [1]
  .bss               zero     0x2000'a3c4    0x40  config_bus.o [1]
  .bss               zero     0x2000'a404    0x40  config_bus.o [1]
  .bss               zero     0x2000'a444    0x40  gnss_fw_upgrade.o [1]
  .bss               zero     0x2000'a484    0x28  teseo_i2c.o [1]
  .bss               zero     0x2000'a4ac    0x10  teseo_uart.o [1]
  .bss               zero     0x2000'a4bc     0x8  x_nucleo_gnss1a1.o [1]
  .bss               zero     0x2000'a4c4     0x4  xfail_s.o [2]
                            - 0x2000'a4c8  0xa370

"P2", part 3 of 3:                          0x400
  CSTACK                      0x2000'a4c8   0x400  <Block>
    CSTACK           uninit   0x2000'a4c8   0x400  <Block tail>
                            - 0x2000'a8c8   0x400

Unused ranges:

         From           To      Size
         ----           --      ----
   0x800'b922   0x807'ffff  0x7'46de
  0x2000'a8c8  0x2001'7fff    0xd738


*******************************************************************************
*** INIT TABLE
***

          Address      Size
          -------      ----
Zero (__iar_zero_init3)
    1 destination range, total size 0xa370:
          0x2000'0158  0xa370

Copy/lz77 (__iar_lz77_init_single3)
    1 source range, total size 0xac (50% of destination):
           0x800'b876    0xac
    1 destination range, total size 0x158:
          0x2000'0000   0x158



*******************************************************************************
*** MODULE SUMMARY
***

    Module                  ro code  ro data  rw data
    ------                  -------  -------  -------
command line/config:
    -------------------------------------------------
    Total:

C:\Users\mallo\Desktop\git\CS5205\iar_ewarm_toolchain\STM32CubeExpansion_GNSS1_V2.1.0\Projects\Multi\Applications\GetPos\EWARM\STM32F401RE-Nucleo\Project-STM32F4xx-Nucleo\Obj: [1]
    NMEA_parser.o             5 468             2 304
    cmsis_os.o                  288
    config_bus.o                200               212
    gnss_data.o               5 492    1 544    5 468
    gnss_fw_upgrade.o         1 152            16 448
    gnss_if.o                   160
    gnss_parser.o               454
    gnss_utils.o                720    2 052
    heap_4.o                    436            15 384
    list.o                      144
    main.o                    3 240    1 180    1 080
    port.o                      472        6       12
    portasm.o                   168
    queue.o                   1 452
    startup_stm32f401xe.o       660
    stm32f4xx_hal.o             184        6       12
    stm32f4xx_hal_cortex.o      232
    stm32f4xx_hal_dma.o          36
    stm32f4xx_hal_gpio.o        660
    stm32f4xx_hal_i2c.o         636
    stm32f4xx_hal_msp.o         476
    stm32f4xx_hal_rcc.o       1 188
    stm32f4xx_hal_uart.o      1 670
    stm32f4xx_it.o               36
    system_stm32f4xx.o           96       10        4
    tasks.o                   2 208               300
    teseo_i2c.o                 452                40
    teseo_io.o                  218       20       40
    teseo_queue.o               528        2      724
    teseo_uart.o                308                16
    x_nucleo_gnss1a1.o          448                 8
    -------------------------------------------------
    Total:                   29 882    4 820   42 052

dl7M_tlf.a: [2]
    abort.o                       6
    exit.o                        4
    iar_Stoflt.o                452
    iar_Stolx.o                 134
    iar_Stopfx.o                290
    iar_Stoulx.o                338       80
    iar_Stoxflt.o               540
    isalpha.o                    20
    isspace.o                    20
    low_level_init.o              4
    snprintf.o                   68
    sprintf.o                    64
    strncmp.o                    40
    tolower.o                    20
    xencoding_8859_1.o           30
    xfail_s.o                    64                 4
    xlocale_c.o                 180       70      128
    xmbcurmax.o                  10
    xprintffull.o             3 910
    xsnprout.o                   26
    xsprout.o                    10
    -------------------------------------------------
    Total:                    6 230      150      132

m7M_tls.a: [3]
    DblAdd.o                    378
    DblCmpGe.o                   46
    DblCmpLe.o                   46
    DblDiv.o                    582
    DblMul.o                    418
    DblSub.o                    226
    DblToS32.o                   58
    DblToU32.o                   40
    FltToDbl.o                   72
    S32ToDbl.o                   34
    U32ToDbl.o                   26
    fmod.o                      444
    fpinit_M.o                   34
    frexp.o                     112
    frexpf.o                     72
    ldexp.o                     314
    ldexpf.o                    196
    math_wrappers64.o            14
    strto32.o                   896
    strto64.o                 1 306       72
    -------------------------------------------------
    Total:                    5 314       72

rt7M_tl.a: [4]
    ABImemclr.o                   6
    ABImemclr4.o                  6
    ABImemcpy_small.o            24
    ABImemset48.o                50
    ABImemset_small.o            18
    I64DivMod_small.o           262
    I64DivZer.o                   2
    cexit.o                      10
    cmain.o                      30
    cstartup_M.o                 12
    data_init.o                  40
    lz77_init_single.o          122
    memchr.o                     88
    strchr.o                     22
    strcmp.o                     18
    strlen_small.o               20
    strncpy_small.o              30
    zero_init3.o                 58
    -------------------------------------------------
    Total:                      818

shb_l.a: [5]
    exit.o                       20
    -------------------------------------------------
    Total:                       20

    Gaps                         48        8
    Linker created                        32    1 024
-----------------------------------------------------
    Grand Total:             42 312    5 082   43 208


*******************************************************************************
*** ENTRY LIST
***

Entry                       Address    Size  Type      Object
-----                       -------    ----  ----      ------
.iar.init_table$$Base    0x800'b708           --   Gb  - Linker created -
.iar.init_table$$Limit   0x800'b728           --   Gb  - Linker created -
?main                    0x800'b729          Code  Gb  cmain.o [4]
AHBPrescTable            0x800'b4b4    0x10  Data  Gb  system_stm32f4xx.o [1]
APBPrescTable            0x800'b778     0x8  Data  Gb  system_stm32f4xx.o [1]
AppCmdProcess            0x800'847d   0x4b8  Code  Lc  main.o [1]
AppCmdProcess::tracked  0x2000'0020     0x4  Data  Lc  main.o [1]
CSTACK$$Base            0x2000'a4c8           --   Gb  - Linker created -
CSTACK$$Limit           0x2000'a8c8           --   Gb  - Linker created -
CacheMore                0x800'66a1    0x24  Code  Lc  xlocale_c.o [2]
CheckAltitudeTask        0x800'8227    0x1e  Code  Lc  main.o [1]
CheckDOPTask             0x800'8245    0x20  Code  Lc  main.o [1]
CheckGndSpeedTask        0x800'826f    0x24  Code  Lc  main.o [1]
ConsoleParseTask         0x800'8375    0x98  Code  Lc  main.o [1]
ConsoleRead              0x800'8421    0x4c  Code  Lc  main.o [1]
Dtentox                  0x800'4829   0x124  Code  Lc  strto32.o [3]
Dtentox                  0x800'6fdd   0x190  Code  Lc  strto64.o [3]
Error_Handler            0x800'899f     0x2  Code  Gb  main.o [1]
FWUpgrade                0x800'984d    0xf4  Code  Gb  gnss_fw_upgrade.o [1]
GNSSParser_Data         0x2000'9b70   0x3a8  Data  Lc  main.o [1]
GNSS_Bus_Disable         0x800'3563    0x2e  Code  Gb  x_nucleo_gnss1a1.o [1]
GNSS_Bus_Enable          0x800'352f    0x34  Code  Gb  x_nucleo_gnss1a1.o [1]
GNSS_Bus_ErrorCallback   0x800'361b     0xe  Code  Gb  x_nucleo_gnss1a1.o [1]
GNSS_Bus_Reset           0x800'350b    0x24  Code  Gb  x_nucleo_gnss1a1.o [1]
GNSS_Bus_RxCallback      0x800'360d     0xe  Code  Gb  x_nucleo_gnss1a1.o [1]
GNSS_Bus_Write           0x800'35bd    0x1e  Code  Gb  x_nucleo_gnss1a1.o [1]
GNSS_DATA_AlertAltitude
                         0x800'0195    0x50  Code  Gb  gnss_data.o [1]
GNSS_DATA_AlertDOP       0x800'01e5    0x38  Code  Gb  gnss_data.o [1]
GNSS_DATA_AlertGndSpeed
                         0x800'023d    0x20  Code  Gb  gnss_data.o [1]
GNSS_DATA_CfgMessageList
                         0x800'10ef    0x1c  Code  Gb  gnss_data.o [1]
GNSS_DATA_ConfigGeofence
                         0x800'1133    0x3c  Code  Gb  gnss_data.o [1]
GNSS_DATA_EnableDatalog
                         0x800'1197    0x34  Code  Gb  gnss_data.o [1]
GNSS_DATA_EnableGeofence
                         0x800'1111    0x22  Code  Gb  gnss_data.o [1]
GNSS_DATA_EnableOdo      0x800'116f     0xc  Code  Gb  gnss_data.o [1]
GNSS_DATA_GetGNSInfo     0x800'07cd   0x15a  Code  Gb  gnss_data.o [1]
GNSS_DATA_GetGNSSAck     0x800'10c7    0x16  Code  Gb  gnss_data.o [1]
GNSS_DATA_GetGPGSTInfo   0x800'098d    0xc6  Code  Gb  gnss_data.o [1]
GNSS_DATA_GetGPRMCInfo   0x800'0a7d   0x164  Code  Gb  gnss_data.o [1]
GNSS_DATA_GetGSAInfo     0x800'0c0d   0x134  Code  Gb  gnss_data.o [1]
GNSS_DATA_GetGSVInfo     0x800'0d79   0x152  Code  Gb  gnss_data.o [1]
GNSS_DATA_GetGeofenceInfo
                         0x800'0f59   0x106  Code  Gb  gnss_data.o [1]
GNSS_DATA_GetMsglistAck
                         0x800'109b    0x1e  Code  Gb  gnss_data.o [1]
GNSS_DATA_GetPSTMVerInfo
                         0x800'0ef9    0x3c  Code  Gb  gnss_data.o [1]
GNSS_DATA_GetValidInfo   0x800'02b5    0xee  Code  Gb  gnss_data.o [1]
GNSS_DATA_PrintTrackedPositions
                         0x800'05cd   0x11a  Code  Gb  gnss_data.o [1]
GNSS_DATA_SendCommand    0x800'026d    0x40  Code  Gb  gnss_data.o [1]
GNSS_DATA_TrackGotPos    0x800'03d9   0x120  Code  Gb  gnss_data.o [1]
GNSS_Get_Buffer          0x800'3591    0x10  Code  Gb  x_nucleo_gnss1a1.o [1]
GNSS_I2C_DeInit          0x800'55b5     0xe  Code  Gb  config_bus.o [1]
GNSS_I2C_Init            0x800'5575    0x2a  Code  Gb  config_bus.o [1]
GNSS_IF_ConsoleRead      0x800'1839    0x24  Code  Gb  gnss_if.o [1]
GNSS_IF_ConsoleReadable
                         0x800'1865    0x1a  Code  Gb  gnss_if.o [1]
GNSS_IF_ConsoleWrite     0x800'1819     0x4  Code  Gb  gnss_if.o [1]
GNSS_IF_ConsoleWriteChar
                         0x800'181d     0x2  Code  Gb  gnss_if.o [1]
GNSS_IF_Delay            0x800'189b     0x4  Code  Gb  gnss_if.o [1]
GNSS_IF_WriteCommand     0x800'1885    0x16  Code  Gb  gnss_if.o [1]
GNSS_IO_Readable         0x800'34bb    0x26  Code  Gb  x_nucleo_gnss1a1.o [1]
GNSS_IO_Receive          0x800'34a7     0xe  Code  Gb  x_nucleo_gnss1a1.o [1]
GNSS_IO_Transmit         0x800'348b    0x1c  Code  Gb  x_nucleo_gnss1a1.o [1]
GNSS_Init                0x800'3469    0x22  Code  Gb  x_nucleo_gnss1a1.o [1]
GNSS_PARSER_CheckSanity
                         0x800'9463    0x6a  Code  Gb  gnss_parser.o [1]
GNSS_PARSER_Init         0x800'93b5    0xae  Code  Gb  gnss_parser.o [1]
GNSS_PARSER_ParseMsg     0x800'94cd    0xae  Code  Gb  gnss_parser.o [1]
GNSS_Release_Buffer      0x800'35a1    0x1c  Code  Gb  x_nucleo_gnss1a1.o [1]
GNSS_Reset               0x800'34e1    0x20  Code  Gb  x_nucleo_gnss1a1.o [1]
GNSS_UART_DeInit         0x800'559f     0xe  Code  Gb  config_bus.o [1]
GNSS_UART_Init           0x800'55c3    0x26  Code  Gb  config_bus.o [1]
GNSS_Wakeup_Status       0x800'35db    0x16  Code  Gb  x_nucleo_gnss1a1.o [1]
GPIO_Config              0x800'811b    0xd8  Code  Lc  main.o [1]
Geofence_Catania        0x2000'0060    0x30  Data  Gb  main.o [1]
Geofence_STLecce        0x2000'0030    0x30  Data  Gb  main.o [1]
Get_GNSS_FW_Version      0x800'9bf3    0x8e  Code  Lc  gnss_fw_upgrade.o [1]
HAL_DMA_Abort_IT         0x800'7b49    0x24  Code  Gb  stm32f4xx_hal_dma.o [1]
HAL_Delay                0x800'3441    0x28  Code  Wk  stm32f4xx_hal.o [1]
HAL_GPIO_DeInit          0x800'5467    0xda  Code  Gb  stm32f4xx_hal_gpio.o [1]
HAL_GPIO_Init            0x800'52e1   0x186  Code  Gb  stm32f4xx_hal_gpio.o [1]
HAL_GPIO_ReadPin         0x800'5541     0xc  Code  Gb  stm32f4xx_hal_gpio.o [1]
HAL_GPIO_WritePin        0x800'554d     0x8  Code  Gb  stm32f4xx_hal_gpio.o [1]
HAL_GetTick              0x800'4c51     0xc  Code  Wk  stm32f4xx_hal.o [1]
HAL_I2C_DeInit           0x800'7ddf    0x26  Code  Gb  stm32f4xx_hal_i2c.o [1]
HAL_I2C_Init             0x800'7d1d    0xc2  Code  Gb  stm32f4xx_hal_i2c.o [1]
HAL_I2C_Master_Receive_IT
                         0x800'7e77    0x56  Code  Gb  stm32f4xx_hal_i2c.o [1]
HAL_I2C_Master_Transmit_IT
                         0x800'7e1f    0x58  Code  Gb  stm32f4xx_hal_i2c.o [1]
HAL_I2C_MspDeInit        0x800'7b01    0x30  Code  Gb  stm32f4xx_hal_msp.o [1]
HAL_I2C_MspInit          0x800'7a99    0x68  Code  Gb  stm32f4xx_hal_msp.o [1]
HAL_IncTick              0x800'b6d5    0x10  Code  Wk  stm32f4xx_hal.o [1]
HAL_Init                 0x800'9089    0x30  Code  Gb  stm32f4xx_hal.o [1]
HAL_InitTick             0x800'9049    0x40  Code  Wk  stm32f4xx_hal.o [1]
HAL_MspInit              0x800'796d    0x60  Code  Gb  stm32f4xx_hal_msp.o [1]
HAL_NVIC_DisableIRQ      0x800'8fd9     0x8  Code  Gb  stm32f4xx_hal_cortex.o [1]
HAL_NVIC_EnableIRQ       0x800'8fcf     0xa  Code  Gb  stm32f4xx_hal_cortex.o [1]
HAL_NVIC_SetPriority     0x800'8f95    0x3a  Code  Gb  stm32f4xx_hal_cortex.o [1]
HAL_NVIC_SetPriorityGrouping
                         0x800'8f7b    0x1a  Code  Gb  stm32f4xx_hal_cortex.o [1]
HAL_RCC_ClockConfig      0x800'7b71    0xfe  Code  Gb  stm32f4xx_hal_rcc.o [1]
HAL_RCC_GetHCLKFreq      0x800'7c7b     0x6  Code  Gb  stm32f4xx_hal_rcc.o [1]
HAL_RCC_GetPCLK1Freq     0x800'7c81    0x10  Code  Gb  stm32f4xx_hal_rcc.o [1]
HAL_RCC_GetPCLK2Freq     0x800'7c91     0xe  Code  Gb  stm32f4xx_hal_rcc.o [1]
HAL_RCC_OscConfig        0x800'90bd   0x2f8  Code  Wk  stm32f4xx_hal_rcc.o [1]
HAL_SYSTICK_CLKSourceConfig
                         0x800'9013    0x1a  Code  Gb  stm32f4xx_hal_cortex.o [1]
HAL_SYSTICK_Config       0x800'8feb    0x28  Code  Gb  stm32f4xx_hal_cortex.o [1]
HAL_UART_DeInit          0x800'4cd3    0x20  Code  Gb  stm32f4xx_hal_uart.o [1]
HAL_UART_ErrorCallback   0x800'5617     0x6  Code  Gb  config_bus.o [1]
HAL_UART_IRQHandler      0x800'4ef7   0x14e  Code  Gb  stm32f4xx_hal_uart.o [1]
HAL_UART_Init            0x800'4c5d    0x1e  Code  Gb  stm32f4xx_hal_uart.o [1]
HAL_UART_MspDeInit       0x800'7a51    0x3c  Code  Gb  stm32f4xx_hal_msp.o [1]
HAL_UART_MspInit         0x800'79cd    0x6c  Code  Gb  stm32f4xx_hal_msp.o [1]
HAL_UART_Receive         0x800'4d9f    0xb6  Code  Gb  stm32f4xx_hal_uart.o [1]
HAL_UART_Receive_IT      0x800'4e9f    0x4c  Code  Gb  stm32f4xx_hal_uart.o [1]
HAL_UART_RxCpltCallback
                         0x800'5611     0x6  Code  Gb  config_bus.o [1]
HAL_UART_Transmit        0x800'4cf3    0xac  Code  Gb  stm32f4xx_hal_uart.o [1]
HAL_UART_Transmit_IT     0x800'4e5d    0x42  Code  Gb  stm32f4xx_hal_uart.o [1]
Handle_Upgrading_Process
                         0x800'9941   0x294  Code  Lc  gnss_fw_upgrade.o [1]
IO_UART_Init             0x800'55e9    0x28  Code  Gb  config_bus.o [1]
LoadInt                  0x800'390b    0x7a  Code  Lc  xprintffull.o [2]
NMEA_CheckAGPSMsg        0x800'19a1    0xa6  Code  Lc  NMEA_parser.o [1]
NMEA_Copy_Data           0x800'2a75    0x64  Code  Gb  NMEA_parser.o [1]
NMEA_ParseGNS            0x800'1c69   0x156  Code  Gb  NMEA_parser.o [1]
NMEA_ParseGPGGA          0x800'1b65    0xfa  Code  Gb  NMEA_parser.o [1]
NMEA_ParseGPGST          0x800'1df5    0xc2  Code  Gb  NMEA_parser.o [1]
NMEA_ParseGPRMC          0x800'1ed9    0xd2  Code  Gb  NMEA_parser.o [1]
NMEA_ParseGSA            0x800'1fed   0x116  Code  Gb  NMEA_parser.o [1]
NMEA_ParseGSV            0x800'2103   0x15e  Code  Gb  NMEA_parser.o [1]
NMEA_ParsePSTMAGPS       0x800'2931   0x13e  Code  Gb  NMEA_parser.o [1]
NMEA_ParsePSTMDatalog    0x800'25ed   0x156  Code  Gb  NMEA_parser.o [1]
NMEA_ParsePSTMGeofence   0x800'22ef   0x1b4  Code  Gb  NMEA_parser.o [1]
NMEA_ParsePSTMOdo        0x800'24ef    0xe6  Code  Gb  NMEA_parser.o [1]
NMEA_ParsePSTMPASSRTN    0x800'2893    0x9c  Code  Gb  NMEA_parser.o [1]
NMEA_ParsePSTMSavePar    0x800'280d    0x7c  Code  Gb  NMEA_parser.o [1]
NMEA_ParsePSTMVER        0x800'227f    0x68  Code  Gb  NMEA_parser.o [1]
NMEA_ParsePSTMsgl        0x800'2743    0x7c  Code  Gb  NMEA_parser.o [1]
NMEA_ResetGSVMsg         0x800'1971    0x30  Code  Lc  NMEA_parser.o [1]
NVIC_SetPriority         0x800'8f61    0x1a  Code  Lc  stm32f4xx_hal_cortex.o [1]
PendSV_Handler           0x800'8e85          Code  Gb  portasm.o [1]
Region$$Table$$Base      0x800'b708           --   Gb  - Linker created -
Region$$Table$$Limit     0x800'b728           --   Gb  - Linker created -
SVC_Handler              0x800'8edd          Code  Gb  portasm.o [1]
SysTick_Handler          0x800'b6b1     0xe  Code  Gb  stm32f4xx_it.o [1]
SystemCoreClock         0x2000'00a8     0x4  Data  Gb  system_stm32f4xx.o [1]
SystemInit               0x800'b465    0x3a  Code  Gb  system_stm32f4xx.o [1]
TeseoConsumerTask        0x800'829d    0xce  Code  Lc  main.o [1]
Teseo_Bus_AbortCallback
                         0x800'b245    0x12  Code  Lc  teseo_io.o [1]
Teseo_Bus_BackgroundProcess
                         0x800'b257     0xc  Code  Lc  teseo_io.o [1]
Teseo_Bus_Disable        0x800'b1bd    0x1e  Code  Lc  teseo_io.o [1]
Teseo_Bus_Enable         0x800'b19f    0x1e  Code  Lc  teseo_io.o [1]
Teseo_Bus_ErrorCallback
                         0x800'b22d    0x18  Code  Lc  teseo_io.o [1]
Teseo_Bus_OnOff          0x800'b189    0x16  Code  Lc  teseo_io.o [1]
Teseo_Bus_RxCallback     0x800'b215    0x18  Code  Lc  teseo_io.o [1]
Teseo_Bus_Write          0x800'b1f1    0x24  Code  Lc  teseo_io.o [1]
Teseo_Drv               0x2000'00ac    0x28  Data  Gb  teseo_io.o [1]
Teseo_Get_Buffer         0x800'b1db     0x8  Code  Lc  teseo_io.o [1]
Teseo_I2C_Data          0x2000'a484    0x28  Data  Lc  teseo_i2c.o [1]
Teseo_IO_static_alloc::Teseo_IO_Data
                        0x2000'a4bc     0x8  Data  Lc  x_nucleo_gnss1a1.o [1]
Teseo_Queue_static_alloc::Teseo_Queue_Instance
                        0x2000'9f18   0x2d0  Data  Lc  teseo_queue.o [1]
Teseo_Release_Buffer     0x800'b1e3     0xe  Code  Lc  teseo_io.o [1]
Teseo_UART_Data         0x2000'a4ac    0x10  Data  Lc  teseo_uart.o [1]
UART_DMAAbortOnError     0x800'50c5     0xc  Code  Lc  stm32f4xx_hal_uart.o [1]
UART_EndRxTransfer       0x800'50a9    0x1c  Code  Lc  stm32f4xx_hal_uart.o [1]
UART_Receive_IT          0x800'50d1    0x88  Code  Lc  stm32f4xx_hal_uart.o [1]
UART_SetConfig           0x800'5159   0x13e  Code  Lc  stm32f4xx_hal_uart.o [1]
UART_WaitOnFlagUntilTimeout
                         0x800'5045    0x56  Code  Lc  stm32f4xx_hal_uart.o [1]
USART1_IRQHandler        0x800'b6bf     0x6  Code  Gb  stm32f4xx_it.o [1]
USART2_IRQHandler        0x800'b6c5     0x6  Code  Gb  stm32f4xx_it.o [1]
_Encoding_8859_1_Mbrlen
                         0x800'2fc1     0x2  Code  Gb  xencoding_8859_1.o [2]
_Encoding_8859_1_Wctomb
                         0x800'2faf    0x12  Code  Gb  xencoding_8859_1.o [2]
_GenldFull               0x800'4369   0x274  Code  Lc  xprintffull.o [2]
_LdtobFull               0x800'3f65   0x3d6  Code  Lc  xprintffull.o [2]
_LitobFull               0x800'3e15   0x10a  Code  Lc  xprintffull.o [2]
_LocaleC_isalpha         0x800'6667     0xc  Code  Gb  xlocale_c.o [2]
_LocaleC_islower         0x800'6661     0x4  Code  Gb  xlocale_c.o [2]
_LocaleC_isspace         0x800'667d    0x14  Code  Gb  xlocale_c.o [2]
_LocaleC_isupper         0x800'6665     0x2  Code  Gb  xlocale_c.o [2]
_LocaleC_tolower         0x800'6691     0xc  Code  Gb  xlocale_c.o [2]
_Locale_lconv           0x2000'00d8    0x38  Data  Lc  xlocale_c.o [2]
_PrintfFull              0x800'3749   0x1aa  Code  Gb  xprintffull.o [2]
_PutcharsFull            0x800'45dd    0x2e  Code  Lc  xprintffull.o [2]
_PutfldFull              0x800'3985   0x2d4  Code  Lc  xprintffull.o [2]
_PutstrFull              0x800'3d4f    0xc6  Code  Lc  xprintffull.o [2]
_PuttxtFull              0x800'3c59    0xf6  Code  Lc  xprintffull.o [2]
_SNProut                 0x800'3007    0x1a  Code  Gb  xsnprout.o [2]
_SProut                  0x800'3423     0xa  Code  Gb  xsprout.o [2]
__aeabi_cdcmple          0x800'17b1          Code  Gb  DblCmpLe.o [3]
__aeabi_cdrcmple         0x800'1709          Code  Gb  DblCmpGe.o [3]
__aeabi_d2iz             0x800'2fcd          Code  Gb  DblToS32.o [3]
__aeabi_d2uiz            0x800'6c4d          Code  Gb  DblToU32.o [3]
__aeabi_dadd             0x800'4ad5          Code  Gb  DblAdd.o [3]
__aeabi_ddiv             0x800'31dd          Code  Gb  DblDiv.o [3]
__aeabi_dmul             0x800'68d9          Code  Gb  DblMul.o [3]
__aeabi_dsub             0x800'2ecd          Code  Gb  DblSub.o [3]
__aeabi_f2d              0x800'1911          Code  Gb  FltToDbl.o [3]
__aeabi_i2d              0x800'6c29          Code  Gb  S32ToDbl.o [3]
__aeabi_ldiv0            0x800'8f35          Code  Gb  I64DivZer.o [4]
__aeabi_memclr           0x800'4699          Code  Gb  ABImemclr.o [4]
__aeabi_memclr4          0x800'4691          Code  Gb  ABImemclr4.o [4]
__aeabi_ui2d             0x800'6c75          Code  Gb  U32ToDbl.o [3]
__check_unreleased_buffer
                         0x800'abb9    0x10  Code  Lc  teseo_queue.o [1]
__cmain                  0x800'b729          Code  Gb  cmain.o [4]
__exit                   0x800'9d35    0x14  Code  Gb  exit.o [5]
__find_msg_idx           0x800'ab9b    0x1e  Code  Lc  teseo_queue.o [1]
__iar_Fail_s             0x800'672d    0x1c  Code  Gb  xfail_s.o [2]
__iar_Mbcurmax           0x800'67c5     0xa  Code  Gb  xmbcurmax.o [2]
__iar_Memchr             0x800'676d          Code  Gb  memchr.o [4]
__iar_Memset4_word       0x800'6c91          Code  Gb  ABImemset48.o [4]
__iar_Memset8_word       0x800'6c91          Code  Gb  ABImemset48.o [4]
__iar_Sto32              0x800'494d   0x12a  Code  Gb  strto32.o [3]
__iar_Sto64              0x800'717d   0x194  Code  Gb  strto64.o [3]
__iar_Stoflt             0x800'758d   0x1c4  Code  Gb  iar_Stoflt.o [2]
__iar_Stolx              0x800'469f    0x82  Code  Gb  iar_Stolx.o [2]
__iar_Stopfx             0x800'7469   0x122  Code  Gb  iar_Stopfx.o [2]
__iar_Stoulx             0x800'6ced   0x13a  Code  Gb  iar_Stoulx.o [2]
__iar_Stoxflt            0x800'7751   0x1e6  Code  Gb  iar_Stoxflt.o [2]
__iar_Stoxflt::digits    0x800'793c    0x18  Data  Lc  iar_Stoxflt.o [2]
__iar_Stoxflt::vals      0x800'7954    0x18  Data  Lc  iar_Stoxflt.o [2]
__iar_Strchr             0x800'6715          Code  Gb  strchr.o [4]
__iar_dadd               0x800'2edd          Code  Gb  DblSub.o [3]
__iar_data_init3         0x800'b61d    0x28  Code  Gb  data_init.o [4]
__iar_dsub               0x800'4ae5          Code  Gb  DblAdd.o [3]
__iar_dsubStart          0x800'4af7          Code  Gb  DblAdd.o [3]
__iar_fmod64             0x800'3035          Code  Gb  fmod.o [3]
__iar_frexp              0x800'6a89          Code  Gb  frexp.o [3]
__iar_frexp32            0x800'735d          Code  Gb  frexpf.o [3]
__iar_frexpf             0x800'7371          Code  Gb  frexpf.o [3]
__iar_frexpl             0x800'6a89          Code  Gb  frexp.o [3]
__iar_globLocale        0x2000'0110    0x48  Data  Lc  xlocale_c.o [2]
__iar_global_Locale      0x800'669d     0x4  Code  Gb  xlocale_c.o [2]
__iar_init_vfp           0x800'b6e5          Code  Gb  fpinit_M.o [3]
__iar_ldexp32            0x800'73a5          Code  Gb  ldexpf.o [3]
__iar_ldexp64            0x800'6aed          Code  Gb  ldexp.o [3]
__iar_lz77_init_single3
                         0x800'1737    0x7a  Code  Gb  lz77_init_single.o [4]
__iar_program_start      0x800'b76d          Code  Gb  cstartup_M.o [4]
__iar_scalbln32          0x800'73a5          Code  Gb  ldexpf.o [3]
__iar_scalbln64          0x800'6aed          Code  Gb  ldexp.o [3]
__iar_scalbn32           0x800'73a5          Code  Gb  ldexpf.o [3]
__iar_scalbn64           0x800'6aed          Code  Gb  ldexp.o [3]
__iar_small_Memcpy       0x800'195d          Code  Gb  ABImemcpy_small.o [4]
__iar_small_Memset       0x800'6cc5          Code  Gb  ABImemset_small.o [4]
__iar_small_Memset_word
                         0x800'6cc5          Code  Gb  ABImemset_small.o [4]
__iar_small_memcpy       0x800'1959          Code  Gb  ABImemcpy_small.o [4]
__iar_small_memcpy4      0x800'1959          Code  Gb  ABImemcpy_small.o [4]
__iar_small_memcpy8      0x800'1959          Code  Gb  ABImemcpy_small.o [4]
__iar_small_memset       0x800'6cc5          Code  Gb  ABImemset_small.o [4]
__iar_small_strlen       0x800'18fd          Code  Gb  strlen_small.o [4]
__iar_small_strncpy      0x800'4ab5          Code  Gb  strncpy_small.o [4]
__iar_small_uldivmod     0x800'67d1          Code  Gb  I64DivMod_small.o [4]
__iar_softfp___iar_frexp64
                         0x800'6a7d          Code  Gb  frexp.o [3]
__iar_softfp_frexp       0x800'6a7d          Code  Gb  frexp.o [3]
__iar_softfp_frexpl      0x800'6a7d          Code  Gb  frexp.o [3]
__iar_vfp___iar_fmod64   0x800'3021          Code  Gb  fmod.o [3]
__iar_vfp_fmod           0x800'3021          Code  Gb  fmod.o [3]
__iar_vfp_fmodl          0x800'3021          Code  Gb  fmod.o [3]
__iar_vfp_strtod         0x800'472b     0x8  Code  Gb  math_wrappers64.o [3]
__iar_zero_init3         0x800'17df    0x3a  Code  Gb  zero_init3.o [4]
__low_level_init         0x800'b747     0x4  Code  Gb  low_level_init.o [2]
__vector_table           0x800'0000          Data  Gb  startup_stm32f401xe.o [1]
_call_main               0x800'b735          Code  Gb  cmain.o [4]
_exit                    0x800'b751          Code  Gb  cexit.o [4]
_gLocale_mblen           0x800'6701     0x4  Code  Gb  xlocale_c.o [2]
_gLocale_mblenInt        0x800'66c5    0x2c  Code  Gb  xlocale_c.o [2]
_gLocale_wctomb          0x800'6705     0x4  Code  Gb  xlocale_c.o [2]
_gLocale_wctombInt       0x800'66fd     0x4  Code  Gb  xlocale_c.o [2]
_main                    0x800'b743          Code  Gb  cmain.o [4]
abort                    0x800'8f2d     0x6  Code  Gb  abort.o [2]
already_flashed         0x2000'a444     0x4  Data  Lc  gnss_fw_upgrade.o [1]
app                     0x2000'9270   0x900  Data  Lc  NMEA_parser.o [1]
atoi                     0x800'6e2d     0x2  Code  Gb  iar_Stoulx.o [2]
b                       0x2000'00d4     0x4  Data  Lc  teseo_queue.o [1]
char2int                 0x800'2ad9    0x34  Code  Gb  NMEA_parser.o [1]
checkAltitudeTaskHandle
                        0x2000'0010     0x4  Data  Gb  main.o [1]
checkDOPTaskHandle      0x2000'0014     0x4  Data  Gb  main.o [1]
checkGndSpeedTaskHandle
                        0x2000'0018     0x4  Data  Gb  main.o [1]
check_longer_msg         0x800'abc9    0x48  Code  Lc  teseo_queue.o [1]
consoleMutexHandle      0x2000'0000     0x4  Data  Gb  main.o [1]
consoleParseTaskHandle  0x2000'000c     0x4  Data  Gb  main.o [1]
ddiv                     0x800'4791    0x5a  Code  Lc  strto32.o [3]
ddiv                     0x800'6f09    0xc4  Code  Lc  strto64.o [3]
digit2int                0x800'1a91    0x78  Code  Lc  NMEA_parser.o [1]
digits                   0x800'b4ec    0x28  Data  Lc  iar_Stoulx.o [2]
dmul                     0x800'4735    0x5c  Code  Lc  strto32.o [3]
dmul                     0x800'6e41    0xc6  Code  Lc  strto64.o [3]
exit                     0x800'b74b     0x4  Code  Gb  exit.o [2]
ffs                      0x800'ab41    0x36  Code  Lc  teseo_queue.o [1]
fmod                     0x800'3035          Code  Gb  fmod.o [3]
fmodl                    0x800'3035          Code  Gb  fmod.o [3]
frexpf                   0x800'735d          Code  Gb  frexpf.o [3]
gnssCmd                 0x2000'a314    0x5c  Data  Lc  gnss_data.o [1]
gnssDataMutexHandle     0x2000'0004     0x4  Data  Gb  main.o [1]
gnss_feature            0x2000'001c     0x4  Data  Lc  main.o [1]
hi2c                    0x2000'a370    0x54  Data  Gb  config_bus.o [1]
huart                   0x2000'a3c4    0x40  Data  Gb  config_bus.o [1]
i2c_fsm                  0x800'ad51    0xc8  Code  Lc  teseo_i2c.o [1]
io_huart                0x2000'a404    0x40  Data  Gb  config_bus.o [1]
isalpha                  0x800'8f4b    0x14  Code  Gb  isalpha.o [2]
isspace                  0x800'6cd7    0x14  Code  Gb  isspace.o [2]
ldexp                    0x800'6aed          Code  Gb  ldexp.o [3]
ldexpf                   0x800'73a5          Code  Gb  ldexpf.o [3]
ldexpl                   0x800'6aed          Code  Gb  ldexp.o [3]
localeconv               0x800'6709     0x4  Code  Gb  xlocale_c.o [2]
main                     0x800'7f99   0x174  Code  Gb  main.o [1]
makeFreeRtosPriority     0x800'3629     0xc  Code  Lc  cmsis_os.o [1]
memchr                   0x800'676d          Code  Gb  memchr.o [4]
msg                     0x2000'9170   0x100  Data  Lc  gnss_data.o [1]
ndigs                    0x800'b4c4    0x28  Data  Lc  iar_Stoulx.o [2]
nmea_checksum            0x800'1a79    0x18  Code  Lc  NMEA_parser.o [1]
osDelay                  0x800'3683     0xe  Code  Gb  cmsis_os.o [1]
osKernelStart            0x800'3635     0xa  Code  Gb  cmsis_os.o [1]
osMutexCreate            0x800'3691     0x6  Code  Gb  cmsis_os.o [1]
osMutexRelease           0x800'36d9    0x36  Code  Gb  cmsis_os.o [1]
osMutexWait              0x800'3697    0x42  Code  Gb  cmsis_os.o [1]
osSystickHandler         0x800'372f    0x14  Code  Gb  cmsis_os.o [1]
osThreadCreate           0x800'363f    0x2e  Code  Gb  cmsis_os.o [1]
osThreadYield            0x800'366d    0x16  Code  Gb  cmsis_os.o [1]
pGNSS                   0x2000'0024     0xc  Data  Gb  main.o [1]
pows                     0x800'4a9c    0x18  Data  Lc  strto32.o [3]
pows                     0x800'b518    0x48  Data  Lc  strto64.o [3]
printHelp                0x800'957d    0x98  Code  Gb  gnss_utils.o [1]
prvAddCurrentTaskToDelayedList
                         0x800'5e61    0x64  Code  Lc  tasks.o [1]
prvAddNewTaskToReadyList
                         0x800'570d    0xa2  Code  Lc  tasks.o [1]
prvCopyDataFromQueue     0x800'63e1    0x28  Code  Lc  queue.o [1]
prvCopyDataToQueue       0x800'6379    0x68  Code  Lc  queue.o [1]
prvDeleteTCB             0x800'5cc7    0x14  Code  Lc  tasks.o [1]
prvIdleTask              0x800'5c71    0x56  Code  Lc  tasks.o [1]
prvInitialiseNewQueue    0x800'5f8d    0x16  Code  Lc  queue.o [1]
prvInitialiseNewTask     0x800'5695    0x78  Code  Lc  tasks.o [1]
prvInsertBlockIntoFreeList
                         0x800'8da7    0x46  Code  Lc  heap_4.o [1]
prvIsQueueEmpty          0x800'646d    0x16  Code  Lc  queue.o [1]
prvResetNextTaskUnblockTime
                         0x800'5cdb    0x1c  Code  Lc  tasks.o [1]
prvTaskExitError         0x800'64b1    0x1c  Code  Lc  port.o [1]
prvTaskIsTaskSuspended   0x800'5893    0x2c  Code  Lc  tasks.o [1]
prvUnlockQueue           0x800'6409    0x64  Code  Lc  queue.o [1]
pvPortMalloc             0x800'8c41   0x104  Code  Gb  heap_4.o [1]
pvTaskIncrementMutexHeldCount
                         0x800'5e19    0x14  Code  Gb  tasks.o [1]
pxCurrentTCB            0x2000'a210     0x4  Data  Gb  tasks.o [1]
pxDelayedTaskList       0x2000'a214     0x4  Data  Lc  tasks.o [1]
pxEnd                   0x2000'4160     0x4  Data  Lc  heap_4.o [1]
pxOverflowDelayedTaskList
                        0x2000'a218     0x4  Data  Lc  tasks.o [1]
pxPortInitialiseStack    0x800'6489    0x26  Code  Gb  port.o [1]
pxReadyTasksLists       0x2000'a288    0x8c  Data  Lc  tasks.o [1]
rxBuffer                0x2000'0158  0x4000  Data  Lc  gnss_fw_upgrade.o [1]
scalbln                  0x800'6aed          Code  Gb  ldexp.o [3]
scalblnf                 0x800'73a5          Code  Gb  ldexpf.o [3]
scalblnl                 0x800'6aed          Code  Gb  ldexp.o [3]
scalbn                   0x800'6aed          Code  Gb  ldexp.o [3]
scalbnf                  0x800'73a5          Code  Gb  ldexpf.o [3]
scalbnl                  0x800'6aed          Code  Gb  ldexp.o [3]
scale                    0x800'3f1f    0x46  Code  Lc  xprintffull.o [2]
scan_timestamp_date      0x800'1b37    0x24  Code  Lc  NMEA_parser.o [1]
scan_timestamp_time      0x800'1b13    0x24  Code  Lc  NMEA_parser.o [1]
scan_utc                 0x800'1a4d    0x2c  Code  Lc  NMEA_parser.o [1]
sec_hand                0x2000'a4c4     0x4  Data  Lc  xfail_s.o [2]
semaphore_free           0x800'ab83     0xa  Code  Lc  teseo_queue.o [1]
semaphore_free_irq       0x800'ab95     0x6  Code  Lc  teseo_queue.o [1]
semaphore_lock           0x800'ab77     0xc  Code  Lc  teseo_queue.o [1]
semaphore_lock_irq       0x800'ab8d     0x8  Code  Lc  teseo_queue.o [1]
showCmds                 0x800'9615    0xa8  Code  Gb  gnss_utils.o [1]
showPrompt               0x800'96c3     0x6  Code  Gb  gnss_utils.o [1]
snprintf                 0x800'18b9    0x44  Code  Gb  snprintf.o [2]
sprintf                  0x800'9ccd    0x40  Code  Gb  sprintf.o [2]
stored_positions        0x2000'7d70  0x1400  Data  Lc  gnss_data.o [1]
strchr                   0x800'6715          Code  Gb  strchr.o [4]
strcmp                   0x800'342d          Code  Gb  strcmp.o [4]
strncmp                  0x800'9d0d    0x28  Code  Gb  strncmp.o [2]
strtod                   0x800'7355     0x6  Code  Gb  strto64.o [3]
strtof                   0x800'4a95     0x6  Code  Gb  strto32.o [3]
strtol                   0x800'4721     0x4  Code  Gb  iar_Stolx.o [2]
strtold                  0x800'7355     0x6  Code  Gb  strto64.o [3]
strtoul                  0x800'6e39     0x2  Code  Gb  iar_Stoulx.o [2]
syncBuffer              0x2000'a448    0x1c  Data  Lc  gnss_fw_upgrade.o [1]
teseoConsumerTaskHandle
                        0x2000'0008     0x4  Data  Gb  main.o [1]
teseo_i2c_background_process
                         0x800'aedf    0x32  Code  Gb  teseo_i2c.o [1]
teseo_i2c_onoff          0x800'ae7d    0x58  Code  Gb  teseo_i2c.o [1]
teseo_i2c_rx_callback    0x800'ae19    0x64  Code  Gb  teseo_i2c.o [1]
teseo_queue_claim_rd_buffer
                         0x800'ace3    0x3a  Code  Gb  teseo_queue.o [1]
teseo_queue_claim_wr_buffer
                         0x800'ac59    0x44  Code  Gb  teseo_queue.o [1]
teseo_queue_init         0x800'ac11    0x3e  Code  Gb  teseo_queue.o [1]
teseo_queue_release_rd_buffer
                         0x800'ad1d    0x34  Code  Gb  teseo_queue.o [1]
teseo_queue_release_wr_buffer
                         0x800'ac9d    0x46  Code  Gb  teseo_queue.o [1]
teseo_rx_callback_ok     0x800'b055    0xb0  Code  Lc  teseo_uart.o [1]
teseo_uart_rx_callback   0x800'b105    0x40  Code  Gb  teseo_uart.o [1]
teseo_uart_rx_onoff      0x800'b145    0x40  Code  Gb  teseo_uart.o [1]
tolower                  0x800'8f37    0x14  Code  Gb  tolower.o [2]
ucHeap                  0x2000'4170  0x3c00  Data  Lc  heap_4.o [1]
ucMaxSysCallPriority    0x2000'0090     0x1  Data  Lc  port.o [1]
ulMaxPRIGROUPValue      0x2000'0098     0x4  Data  Lc  port.o [1]
uwTick                  0x2000'00a0     0x4  Data  Gb  stm32f4xx_hal.o [1]
uwTickFreq              0x2000'009c     0x1  Data  Gb  stm32f4xx_hal.o [1]
uwTickPrio              0x2000'00a4     0x4  Data  Gb  stm32f4xx_hal.o [1]
uxCriticalNesting       0x2000'0094     0x4  Data  Lc  port.o [1]
uxCurrentNumberOfTasks  0x2000'a234     0x4  Data  Lc  tasks.o [1]
uxDeletedTasksWaitingCleanUp
                        0x2000'a21c     0x4  Data  Lc  tasks.o [1]
uxListRemove             0x800'8e61    0x24  Code  Gb  list.o [1]
uxPendedTicks           0x2000'a244     0x4  Data  Lc  tasks.o [1]
uxSchedulerSuspended    0x2000'a258     0x4  Data  Lc  tasks.o [1]
uxTaskNumber            0x2000'a250     0x4  Data  Lc  tasks.o [1]
uxTopReadyPriority      0x2000'a23c     0x4  Data  Lc  tasks.o [1]
vListInitialise          0x800'8df5    0x1a  Code  Gb  list.o [1]
vListInitialiseItem      0x800'8e0f     0x6  Code  Gb  list.o [1]
vListInsert              0x800'8e2f    0x32  Code  Gb  list.o [1]
vListInsertEnd           0x800'8e15    0x1a  Code  Gb  list.o [1]
vPortEnableVFP           0x800'8f11          Code  Gb  portasm.o [1]
vPortEnterCritical       0x800'655d    0x32  Code  Gb  port.o [1]
vPortExitCritical        0x800'658f    0x22  Code  Gb  port.o [1]
vPortFree                0x800'8d53    0x46  Code  Gb  heap_4.o [1]
vPortStartFirstTask      0x800'8ef9          Code  Gb  portasm.o [1]
vPortValidateInterruptPriority
                         0x800'65dd    0x2c  Code  Gb  port.o [1]
vTaskDelay               0x800'57af    0x2e  Code  Gb  tasks.o [1]
vTaskMissedYield         0x800'5c67     0xa  Code  Gb  tasks.o [1]
vTaskPlaceOnEventList    0x800'5b4b    0x26  Code  Gb  tasks.o [1]
vTaskPriorityInherit     0x800'5d0f    0x72  Code  Gb  tasks.o [1]
vTaskResume              0x800'58c7    0x42  Code  Gb  tasks.o [1]
vTaskSetTimeOutState     0x800'5be7    0x20  Code  Gb  tasks.o [1]
vTaskStartScheduler      0x800'5939    0x54  Code  Gb  tasks.o [1]
vTaskSuspend             0x800'57e3    0x58  Code  Gb  tasks.o [1]
vTaskSuspendAll          0x800'598d     0xc  Code  Gb  tasks.o [1]
vTaskSwitchContext       0x800'5af9    0x52  Code  Gb  tasks.o [1]
ver_buf                 0x2000'a464    0x20  Data  Lc  gnss_fw_upgrade.o [1]
xBlockAllocatedBit      0x2000'416c     0x4  Data  Lc  heap_4.o [1]
xDelayedTaskList1       0x2000'a25c    0x14  Data  Lc  tasks.o [1]
xDelayedTaskList2       0x2000'a270    0x14  Data  Lc  tasks.o [1]
xFreeBytesRemaining     0x2000'4164     0x4  Data  Lc  heap_4.o [1]
xIdleTaskHandle         0x2000'a284     0x4  Data  Lc  tasks.o [1]
xMinimumEverFreeBytesRemaining
                        0x2000'4168     0x4  Data  Lc  heap_4.o [1]
xNextTaskUnblockTime    0x2000'a254     0x4  Data  Lc  tasks.o [1]
xNumOfOverflows         0x2000'a24c     0x4  Data  Lc  tasks.o [1]
xPendingReadyList       0x2000'a1e8    0x14  Data  Lc  tasks.o [1]
xPortStartScheduler      0x800'64cd    0x90  Code  Gb  port.o [1]
xPortSysTickHandler      0x800'65b1    0x1e  Code  Gb  port.o [1]
xQueueCreateMutex        0x800'5fa3    0x28  Code  Gb  queue.o [1]
xQueueGenericCreate      0x800'5f55    0x38  Code  Gb  queue.o [1]
xQueueGenericReceive     0x800'6185   0x14e  Code  Gb  queue.o [1]
xQueueGenericReset       0x800'5edd    0x78  Code  Gb  queue.o [1]
xQueueGenericSend        0x800'5fcb   0x136  Code  Gb  queue.o [1]
xQueueGiveFromISR        0x800'6101    0x70  Code  Gb  queue.o [1]
xQueueReceiveFromISR     0x800'62d9    0x82  Code  Gb  queue.o [1]
xSchedulerRunning       0x2000'a240     0x4  Data  Lc  tasks.o [1]
xStart                  0x2000'4158     0x8  Data  Lc  heap_4.o [1]
xSuspendedTaskList      0x2000'a220    0x14  Data  Lc  tasks.o [1]
xTaskCheckForTimeOut     0x800'5c07    0x60  Code  Gb  tasks.o [1]
xTaskCreate              0x800'563d    0x58  Code  Gb  tasks.o [1]
xTaskGetSchedulerState   0x800'5cf7    0x18  Code  Gb  tasks.o [1]
xTaskIncrementTick       0x800'5a3b    0xbe  Code  Gb  tasks.o [1]
xTaskPriorityDisinherit
                         0x800'5d87    0x82  Code  Gb  tasks.o [1]
xTaskRemoveFromEventList
                         0x800'5b89    0x4e  Code  Gb  tasks.o [1]
xTaskResumeAll           0x800'5999    0x9a  Code  Gb  tasks.o [1]
xTasksWaitingTermination
                        0x2000'a1fc    0x14  Data  Lc  tasks.o [1]
xTickCount              0x2000'a238     0x4  Data  Lc  tasks.o [1]
xYieldPending           0x2000'a248     0x4  Data  Lc  tasks.o [1]


[1] = C:\Users\mallo\Desktop\git\CS5205\iar_ewarm_toolchain\STM32CubeExpansion_GNSS1_V2.1.0\Projects\Multi\Applications\GetPos\EWARM\STM32F401RE-Nucleo\Project-STM32F4xx-Nucleo\Obj
[2] = dl7M_tlf.a
[3] = m7M_tls.a
[4] = rt7M_tl.a
[5] = shb_l.a

  42 312 bytes of readonly  code memory
   5 082 bytes of readonly  data memory
  43 208 bytes of readwrite data memory

Errors: none
Warnings: none
